Archive member included because of file (symbol)

C:/Freescale/CW MCU v10.5/MCU/ARM_GCC_Support/ewl/lib/armv7e-m\libc.a(exit.o)
                              ./Project_Settings/Startup_Code/__arm_start.o (exit)
C:/Freescale/CW MCU v10.5/MCU/ARM_GCC_Support/ewl/lib/armv7e-m\libc.a(memset.o)
                              ./Project_Settings/Startup_Code/__arm_start.o (memset)
C:/Freescale/CW MCU v10.5/MCU/ARM_GCC_Support/ewl/lib/armv7e-m\libc.a(printformat_.o)
                              (__pformatter_)
C:/Freescale/CW MCU v10.5/MCU/ARM_GCC_Support/ewl/lib/armv7e-m\libc.a(scanformat_.o)
                              (__sformatter)
C:/Freescale/CW MCU v10.5/MCU/ARM_GCC_Support/ewl/lib/armv7e-m\libc.a(ctype_aeabi.o)
                              C:/Freescale/CW MCU v10.5/MCU/ARM_GCC_Support/ewl/lib/armv7e-m\libc.a(scanformat_.o) (isspace)
C:/Freescale/CW MCU v10.5/MCU/ARM_GCC_Support/ewl/lib/armv7e-m\libc.a(__strtoul.o)
                              C:/Freescale/CW MCU v10.5/MCU/ARM_GCC_Support/ewl/lib/armv7e-m\libc.a(scanformat_.o) (__strtoul)
C:/Freescale/CW MCU v10.5/MCU/ARM_GCC_Support/ewl/lib/armv7e-m\libc.a(__filll_mem.o)
                              C:/Freescale/CW MCU v10.5/MCU/ARM_GCC_Support/ewl/lib/armv7e-m\libc.a(memset.o) (__fill_mem)
C:/Freescale/CW MCU v10.5/MCU/ARM_GCC_Support/ewl/lib/armv7e-m\libc.a(memchr.o)
                              C:/Freescale/CW MCU v10.5/MCU/ARM_GCC_Support/ewl/lib/armv7e-m\libc.a(printformat_.o) (memchr)
C:/Freescale/CW MCU v10.5/MCU/ARM_GCC_Support/ewl/lib/armv7e-m\libc.a(strchr.o)
                              C:/Freescale/CW MCU v10.5/MCU/ARM_GCC_Support/ewl/lib/armv7e-m\libc.a(printformat_.o) (strchr)
C:/Freescale/CW MCU v10.5/MCU/ARM_GCC_Support/ewl/lib/armv7e-m\libc.a(strlen.o)
                              C:/Freescale/CW MCU v10.5/MCU/ARM_GCC_Support/ewl/lib/armv7e-m\libc.a(printformat_.o) (strlen)
c:/freescale/cw mcu v10.5/cross_tools/arm-none-eabi-gcc-4_7_3/bin/../lib/gcc/arm-none-eabi/4.7.3/armv7e-m\libgcc.a(_arm_addsubsf3.o)
                              ./Generated_Code/PwmLdd1.o (__aeabi_i2f)
c:/freescale/cw mcu v10.5/cross_tools/arm-none-eabi-gcc-4_7_3/bin/../lib/gcc/arm-none-eabi/4.7.3/armv7e-m\libgcc.a(_arm_muldivsf3.o)
                              ./Generated_Code/PwmLdd1.o (__aeabi_fmul)
c:/freescale/cw mcu v10.5/cross_tools/arm-none-eabi-gcc-4_7_3/bin/../lib/gcc/arm-none-eabi/4.7.3/armv7e-m\libgcc.a(_arm_cmpsf2.o)
                              ./Generated_Code/PwmLdd1.o (__aeabi_fcmpgt)
c:/freescale/cw mcu v10.5/cross_tools/arm-none-eabi-gcc-4_7_3/bin/../lib/gcc/arm-none-eabi/4.7.3/armv7e-m\libgcc.a(_arm_fixunssfsi.o)
                              ./Generated_Code/PwmLdd1.o (__aeabi_f2uiz)
C:/Freescale/CW MCU v10.5/MCU/ARM_GCC_Support/ewl/lib/armv7e-m\librt.a(gcc_ctor_dtor.o)
                              ./Project_Settings/Startup_Code/__arm_start.o (__init_cpp)
C:/Freescale/CW MCU v10.5/MCU/ARM_GCC_Support/ewl/lib/armv7e-m\librt.a(ROMCopy.o)
                              ./Project_Settings/Startup_Code/__arm_start.o (__copy_rom_sections_to_ram)
C:/Freescale/CW MCU v10.5/MCU/ARM_GCC_Support/ewl/lib/armv7e-m\librt.a(__arm_eabi_init.o)
                              C:/Freescale/CW MCU v10.5/MCU/ARM_GCC_Support/ewl/lib/armv7e-m\libc.a(exit.o) (__destroy_global_chain)

Allocating common symbols
Common symbol       size              file

AD2_OutV            0x2               ./Generated_Code/AD2.o
AdcLdd1_DeviceDataPtr
                    0x4               ./Generated_Code/AD2.o
SR_reg              0x1               ./Generated_Code/Cpu.o

Discarded input sections

 .text          0x00000000        0x0 ./Generated_Code/Vectors.o
 .data          0x00000000        0x0 ./Generated_Code/Vectors.o
 .bss           0x00000000        0x0 ./Generated_Code/Vectors.o
 .text          0x00000000        0x0 ./Generated_Code/TU1.o
 .data          0x00000000        0x0 ./Generated_Code/TU1.o
 .bss           0x00000000        0x0 ./Generated_Code/TU1.o
 .text.TU1_GetCounterValue
                0x00000000       0x20 ./Generated_Code/TU1.o
 .text.TU1_GetOffsetTicks
                0x00000000       0x68 ./Generated_Code/TU1.o
 .text.TU1_SelectOutputAction
                0x00000000      0x33c ./Generated_Code/TU1.o
 .text          0x00000000        0x0 ./Generated_Code/PwmLdd1.o
 .data          0x00000000        0x0 ./Generated_Code/PwmLdd1.o
 .bss           0x00000000        0x0 ./Generated_Code/PwmLdd1.o
 .text.PwmLdd1_SetDutyUS
                0x00000000       0x68 ./Generated_Code/PwmLdd1.o
 .text.PwmLdd1_SetDutyMS
                0x00000000       0x7c ./Generated_Code/PwmLdd1.o
 .text          0x00000000        0x0 ./Generated_Code/PWM1.o
 .data          0x00000000        0x0 ./Generated_Code/PWM1.o
 .bss           0x00000000        0x0 ./Generated_Code/PWM1.o
 .debug_info    0x00000000       0x76 ./Generated_Code/PWM1.o
 .debug_abbrev  0x00000000       0x28 ./Generated_Code/PWM1.o
 .debug_aranges
                0x00000000       0x18 ./Generated_Code/PWM1.o
 .debug_macinfo
                0x00000000    0x4e161 ./Generated_Code/PWM1.o
 .debug_line    0x00000000      0x22b ./Generated_Code/PWM1.o
 .debug_str     0x00000000      0x148 ./Generated_Code/PWM1.o
 .comment       0x00000000       0x7a ./Generated_Code/PWM1.o
 .ARM.attributes
                0x00000000       0x33 ./Generated_Code/PWM1.o
 .text          0x00000000        0x0 ./Generated_Code/PE_LDD.o
 .data          0x00000000        0x0 ./Generated_Code/PE_LDD.o
 .bss           0x00000000        0x0 ./Generated_Code/PE_LDD.o
 .rodata.PE_CpuClockConfigurations
                0x00000000       0x28 ./Generated_Code/PE_LDD.o
 .text.PE_FillMemory
                0x00000000       0x30 ./Generated_Code/PE_LDD.o
 .text.PE_PeripheralUsed
                0x00000000       0x40 ./Generated_Code/PE_LDD.o
 .text.LDD_SetClockConfiguration
                0x00000000       0x14 ./Generated_Code/PE_LDD.o
 .text          0x00000000        0x0 ./Generated_Code/Cpu.o
 .data          0x00000000        0x0 ./Generated_Code/Cpu.o
 .bss           0x00000000        0x0 ./Generated_Code/Cpu.o
 .bss.SR_lock   0x00000000        0x1 ./Generated_Code/Cpu.o
 COMMON         0x00000000        0x1 ./Generated_Code/Cpu.o
 .text          0x00000000        0x0 ./Generated_Code/AdcLdd1.o
 .data          0x00000000        0x0 ./Generated_Code/AdcLdd1.o
 .bss           0x00000000        0x0 ./Generated_Code/AdcLdd1.o
 .rodata.ChannelToPin
                0x00000000        0x4 ./Generated_Code/AdcLdd1.o
 .text.AdcLdd1_StartSingleMeasurement
                0x00000000       0x70 ./Generated_Code/AdcLdd1.o
 .text.AdcLdd1_CancelMeasurement
                0x00000000       0x40 ./Generated_Code/AdcLdd1.o
 .text.AdcLdd1_CreateSampleGroup
                0x00000000       0x7c ./Generated_Code/AdcLdd1.o
 .text.AdcLdd1_GetMeasurementCompleteStatus
                0x00000000       0x9c ./Generated_Code/AdcLdd1.o
 .text.AdcLdd1_StartCalibration
                0x00000000       0x70 ./Generated_Code/AdcLdd1.o
 .text          0x00000000        0x0 ./Generated_Code/AD2.o
 .data          0x00000000        0x0 ./Generated_Code/AD2.o
 .bss           0x00000000        0x0 ./Generated_Code/AD2.o
 .bss.SampleGroup
                0x00000000        0x4 ./Generated_Code/AD2.o
 .text.AD2_HWEnDi
                0x00000000       0x60 ./Generated_Code/AD2.o
 .text.AD2_Measure
                0x00000000       0x58 ./Generated_Code/AD2.o
 .text.AD2_Calibrate
                0x00000000       0xac ./Generated_Code/AD2.o
 .text          0x00000000        0x0 ./Project_Settings/Startup_Code/__arm_start.o
 .data          0x00000000        0x0 ./Project_Settings/Startup_Code/__arm_start.o
 .bss           0x00000000        0x0 ./Project_Settings/Startup_Code/__arm_start.o
 .text.__iar_program_start
                0x00000000        0x4 ./Project_Settings/Startup_Code/__arm_start.o
 .text          0x00000000        0x0 ./Project_Settings/Startup_Code/__arm_end.o
 .data          0x00000000        0x0 ./Project_Settings/Startup_Code/__arm_end.o
 .bss           0x00000000        0x0 ./Project_Settings/Startup_Code/__arm_end.o
 .text          0x00000000        0x0 ./Sources/ProcessorExpert.o
 .data          0x00000000        0x0 ./Sources/ProcessorExpert.o
 .bss           0x00000000        0x0 ./Sources/ProcessorExpert.o
 .text          0x00000000        0x0 ./Sources/Events.o
 .data          0x00000000        0x0 ./Sources/Events.o
 .bss           0x00000000        0x0 ./Sources/Events.o
 .text          0x00000000        0x0 C:/Freescale/CW MCU v10.5/MCU/ARM_GCC_Support/ewl/lib/armv7e-m\libc.a(exit.o)
 .data          0x00000000        0x0 C:/Freescale/CW MCU v10.5/MCU/ARM_GCC_Support/ewl/lib/armv7e-m\libc.a(exit.o)
 .bss           0x00000000        0x0 C:/Freescale/CW MCU v10.5/MCU/ARM_GCC_Support/ewl/lib/armv7e-m\libc.a(exit.o)
 .text          0x00000000        0x0 C:/Freescale/CW MCU v10.5/MCU/ARM_GCC_Support/ewl/lib/armv7e-m\libc.a(memset.o)
 .data          0x00000000        0x0 C:/Freescale/CW MCU v10.5/MCU/ARM_GCC_Support/ewl/lib/armv7e-m\libc.a(memset.o)
 .bss           0x00000000        0x0 C:/Freescale/CW MCU v10.5/MCU/ARM_GCC_Support/ewl/lib/armv7e-m\libc.a(memset.o)
 .text          0x00000000        0x0 C:/Freescale/CW MCU v10.5/MCU/ARM_GCC_Support/ewl/lib/armv7e-m\libc.a(printformat_.o)
 .data          0x00000000        0x0 C:/Freescale/CW MCU v10.5/MCU/ARM_GCC_Support/ewl/lib/armv7e-m\libc.a(printformat_.o)
 .bss           0x00000000        0x0 C:/Freescale/CW MCU v10.5/MCU/ARM_GCC_Support/ewl/lib/armv7e-m\libc.a(printformat_.o)
 .text          0x00000000        0x0 C:/Freescale/CW MCU v10.5/MCU/ARM_GCC_Support/ewl/lib/armv7e-m\libc.a(scanformat_.o)
 .data          0x00000000        0x0 C:/Freescale/CW MCU v10.5/MCU/ARM_GCC_Support/ewl/lib/armv7e-m\libc.a(scanformat_.o)
 .bss           0x00000000        0x0 C:/Freescale/CW MCU v10.5/MCU/ARM_GCC_Support/ewl/lib/armv7e-m\libc.a(scanformat_.o)
 .text          0x00000000        0x0 C:/Freescale/CW MCU v10.5/MCU/ARM_GCC_Support/ewl/lib/armv7e-m\libc.a(ctype_aeabi.o)
 .data          0x00000000        0x0 C:/Freescale/CW MCU v10.5/MCU/ARM_GCC_Support/ewl/lib/armv7e-m\libc.a(ctype_aeabi.o)
 .bss           0x00000000        0x0 C:/Freescale/CW MCU v10.5/MCU/ARM_GCC_Support/ewl/lib/armv7e-m\libc.a(ctype_aeabi.o)
 .text.isalnum  0x00000000       0x18 C:/Freescale/CW MCU v10.5/MCU/ARM_GCC_Support/ewl/lib/armv7e-m\libc.a(ctype_aeabi.o)
 .text.iscntrl  0x00000000       0x1c C:/Freescale/CW MCU v10.5/MCU/ARM_GCC_Support/ewl/lib/armv7e-m\libc.a(ctype_aeabi.o)
 .text.isdigit  0x00000000        0xc C:/Freescale/CW MCU v10.5/MCU/ARM_GCC_Support/ewl/lib/armv7e-m\libc.a(ctype_aeabi.o)
 .text.isgraph  0x00000000       0x18 C:/Freescale/CW MCU v10.5/MCU/ARM_GCC_Support/ewl/lib/armv7e-m\libc.a(ctype_aeabi.o)
 .text.islower  0x00000000       0x1c C:/Freescale/CW MCU v10.5/MCU/ARM_GCC_Support/ewl/lib/armv7e-m\libc.a(ctype_aeabi.o)
 .text.isprint  0x00000000       0x18 C:/Freescale/CW MCU v10.5/MCU/ARM_GCC_Support/ewl/lib/armv7e-m\libc.a(ctype_aeabi.o)
 .text.ispunct  0x00000000       0x1c C:/Freescale/CW MCU v10.5/MCU/ARM_GCC_Support/ewl/lib/armv7e-m\libc.a(ctype_aeabi.o)
 .text.isupper  0x00000000       0x1c C:/Freescale/CW MCU v10.5/MCU/ARM_GCC_Support/ewl/lib/armv7e-m\libc.a(ctype_aeabi.o)
 .text.isxdigit
                0x00000000       0x1c C:/Freescale/CW MCU v10.5/MCU/ARM_GCC_Support/ewl/lib/armv7e-m\libc.a(ctype_aeabi.o)
 .text.isblank  0x00000000       0x28 C:/Freescale/CW MCU v10.5/MCU/ARM_GCC_Support/ewl/lib/armv7e-m\libc.a(ctype_aeabi.o)
 .text.tolower  0x00000000        0xc C:/Freescale/CW MCU v10.5/MCU/ARM_GCC_Support/ewl/lib/armv7e-m\libc.a(ctype_aeabi.o)
 .text          0x00000000        0x0 C:/Freescale/CW MCU v10.5/MCU/ARM_GCC_Support/ewl/lib/armv7e-m\libc.a(__strtoul.o)
 .data          0x00000000        0x0 C:/Freescale/CW MCU v10.5/MCU/ARM_GCC_Support/ewl/lib/armv7e-m\libc.a(__strtoul.o)
 .bss           0x00000000        0x0 C:/Freescale/CW MCU v10.5/MCU/ARM_GCC_Support/ewl/lib/armv7e-m\libc.a(__strtoul.o)
 .text          0x00000000        0x0 C:/Freescale/CW MCU v10.5/MCU/ARM_GCC_Support/ewl/lib/armv7e-m\libc.a(__filll_mem.o)
 .data          0x00000000        0x0 C:/Freescale/CW MCU v10.5/MCU/ARM_GCC_Support/ewl/lib/armv7e-m\libc.a(__filll_mem.o)
 .bss           0x00000000        0x0 C:/Freescale/CW MCU v10.5/MCU/ARM_GCC_Support/ewl/lib/armv7e-m\libc.a(__filll_mem.o)
 .text          0x00000000        0x0 C:/Freescale/CW MCU v10.5/MCU/ARM_GCC_Support/ewl/lib/armv7e-m\libc.a(memchr.o)
 .data          0x00000000        0x0 C:/Freescale/CW MCU v10.5/MCU/ARM_GCC_Support/ewl/lib/armv7e-m\libc.a(memchr.o)
 .bss           0x00000000        0x0 C:/Freescale/CW MCU v10.5/MCU/ARM_GCC_Support/ewl/lib/armv7e-m\libc.a(memchr.o)
 .text          0x00000000        0x0 C:/Freescale/CW MCU v10.5/MCU/ARM_GCC_Support/ewl/lib/armv7e-m\libc.a(strchr.o)
 .data          0x00000000        0x0 C:/Freescale/CW MCU v10.5/MCU/ARM_GCC_Support/ewl/lib/armv7e-m\libc.a(strchr.o)
 .bss           0x00000000        0x0 C:/Freescale/CW MCU v10.5/MCU/ARM_GCC_Support/ewl/lib/armv7e-m\libc.a(strchr.o)
 .text          0x00000000        0x0 C:/Freescale/CW MCU v10.5/MCU/ARM_GCC_Support/ewl/lib/armv7e-m\libc.a(strlen.o)
 .data          0x00000000        0x0 C:/Freescale/CW MCU v10.5/MCU/ARM_GCC_Support/ewl/lib/armv7e-m\libc.a(strlen.o)
 .bss           0x00000000        0x0 C:/Freescale/CW MCU v10.5/MCU/ARM_GCC_Support/ewl/lib/armv7e-m\libc.a(strlen.o)
 .text          0x00000000      0x21c c:/freescale/cw mcu v10.5/cross_tools/arm-none-eabi-gcc-4_7_3/bin/../lib/gcc/arm-none-eabi/4.7.3/armv7e-m\libgcc.a(_arm_addsubsf3.o)
 .data          0x00000000        0x0 c:/freescale/cw mcu v10.5/cross_tools/arm-none-eabi-gcc-4_7_3/bin/../lib/gcc/arm-none-eabi/4.7.3/armv7e-m\libgcc.a(_arm_addsubsf3.o)
 .bss           0x00000000        0x0 c:/freescale/cw mcu v10.5/cross_tools/arm-none-eabi-gcc-4_7_3/bin/../lib/gcc/arm-none-eabi/4.7.3/armv7e-m\libgcc.a(_arm_addsubsf3.o)
 .ARM.attributes
                0x00000000       0x1e c:/freescale/cw mcu v10.5/cross_tools/arm-none-eabi-gcc-4_7_3/bin/../lib/gcc/arm-none-eabi/4.7.3/armv7e-m\libgcc.a(_arm_addsubsf3.o)
 .text          0x00000000      0x2a0 c:/freescale/cw mcu v10.5/cross_tools/arm-none-eabi-gcc-4_7_3/bin/../lib/gcc/arm-none-eabi/4.7.3/armv7e-m\libgcc.a(_arm_muldivsf3.o)
 .data          0x00000000        0x0 c:/freescale/cw mcu v10.5/cross_tools/arm-none-eabi-gcc-4_7_3/bin/../lib/gcc/arm-none-eabi/4.7.3/armv7e-m\libgcc.a(_arm_muldivsf3.o)
 .bss           0x00000000        0x0 c:/freescale/cw mcu v10.5/cross_tools/arm-none-eabi-gcc-4_7_3/bin/../lib/gcc/arm-none-eabi/4.7.3/armv7e-m\libgcc.a(_arm_muldivsf3.o)
 .ARM.attributes
                0x00000000       0x1e c:/freescale/cw mcu v10.5/cross_tools/arm-none-eabi-gcc-4_7_3/bin/../lib/gcc/arm-none-eabi/4.7.3/armv7e-m\libgcc.a(_arm_muldivsf3.o)
 .text          0x00000000       0xec c:/freescale/cw mcu v10.5/cross_tools/arm-none-eabi-gcc-4_7_3/bin/../lib/gcc/arm-none-eabi/4.7.3/armv7e-m\libgcc.a(_arm_cmpsf2.o)
 .data          0x00000000        0x0 c:/freescale/cw mcu v10.5/cross_tools/arm-none-eabi-gcc-4_7_3/bin/../lib/gcc/arm-none-eabi/4.7.3/armv7e-m\libgcc.a(_arm_cmpsf2.o)
 .bss           0x00000000        0x0 c:/freescale/cw mcu v10.5/cross_tools/arm-none-eabi-gcc-4_7_3/bin/../lib/gcc/arm-none-eabi/4.7.3/armv7e-m\libgcc.a(_arm_cmpsf2.o)
 .ARM.attributes
                0x00000000       0x1e c:/freescale/cw mcu v10.5/cross_tools/arm-none-eabi-gcc-4_7_3/bin/../lib/gcc/arm-none-eabi/4.7.3/armv7e-m\libgcc.a(_arm_cmpsf2.o)
 .text          0x00000000       0x40 c:/freescale/cw mcu v10.5/cross_tools/arm-none-eabi-gcc-4_7_3/bin/../lib/gcc/arm-none-eabi/4.7.3/armv7e-m\libgcc.a(_arm_fixunssfsi.o)
 .data          0x00000000        0x0 c:/freescale/cw mcu v10.5/cross_tools/arm-none-eabi-gcc-4_7_3/bin/../lib/gcc/arm-none-eabi/4.7.3/armv7e-m\libgcc.a(_arm_fixunssfsi.o)
 .bss           0x00000000        0x0 c:/freescale/cw mcu v10.5/cross_tools/arm-none-eabi-gcc-4_7_3/bin/../lib/gcc/arm-none-eabi/4.7.3/armv7e-m\libgcc.a(_arm_fixunssfsi.o)
 .ARM.attributes
                0x00000000       0x1e c:/freescale/cw mcu v10.5/cross_tools/arm-none-eabi-gcc-4_7_3/bin/../lib/gcc/arm-none-eabi/4.7.3/armv7e-m\libgcc.a(_arm_fixunssfsi.o)
 .text          0x00000000        0x0 C:/Freescale/CW MCU v10.5/MCU/ARM_GCC_Support/ewl/lib/armv7e-m\librt.a(gcc_ctor_dtor.o)
 .data          0x00000000        0x0 C:/Freescale/CW MCU v10.5/MCU/ARM_GCC_Support/ewl/lib/armv7e-m\librt.a(gcc_ctor_dtor.o)
 .bss           0x00000000        0x0 C:/Freescale/CW MCU v10.5/MCU/ARM_GCC_Support/ewl/lib/armv7e-m\librt.a(gcc_ctor_dtor.o)
 .bss.__dso_handle
                0x00000000        0x4 C:/Freescale/CW MCU v10.5/MCU/ARM_GCC_Support/ewl/lib/armv7e-m\librt.a(gcc_ctor_dtor.o)
 .text          0x00000000        0x0 C:/Freescale/CW MCU v10.5/MCU/ARM_GCC_Support/ewl/lib/armv7e-m\librt.a(ROMCopy.o)
 .data          0x00000000        0x0 C:/Freescale/CW MCU v10.5/MCU/ARM_GCC_Support/ewl/lib/armv7e-m\librt.a(ROMCopy.o)
 .bss           0x00000000        0x0 C:/Freescale/CW MCU v10.5/MCU/ARM_GCC_Support/ewl/lib/armv7e-m\librt.a(ROMCopy.o)
 .text.__flush_cache
                0x00000000        0x2 C:/Freescale/CW MCU v10.5/MCU/ARM_GCC_Support/ewl/lib/armv7e-m\librt.a(ROMCopy.o)
 .text          0x00000000        0x0 C:/Freescale/CW MCU v10.5/MCU/ARM_GCC_Support/ewl/lib/armv7e-m\librt.a(__arm_eabi_init.o)
 .data          0x00000000        0x0 C:/Freescale/CW MCU v10.5/MCU/ARM_GCC_Support/ewl/lib/armv7e-m\librt.a(__arm_eabi_init.o)
 .bss           0x00000000        0x0 C:/Freescale/CW MCU v10.5/MCU/ARM_GCC_Support/ewl/lib/armv7e-m\librt.a(__arm_eabi_init.o)
 .text.__register_global_object
                0x00000000       0x14 C:/Freescale/CW MCU v10.5/MCU/ARM_GCC_Support/ewl/lib/armv7e-m\librt.a(__arm_eabi_init.o)
 .text.__cxa_atexit
                0x00000000       0x38 C:/Freescale/CW MCU v10.5/MCU/ARM_GCC_Support/ewl/lib/armv7e-m\librt.a(__arm_eabi_init.o)
 .text.__aeabi_atexit
                0x00000000        0xa C:/Freescale/CW MCU v10.5/MCU/ARM_GCC_Support/ewl/lib/armv7e-m\librt.a(__arm_eabi_init.o)
 .text.__register_atexit
                0x00000000        0x8 C:/Freescale/CW MCU v10.5/MCU/ARM_GCC_Support/ewl/lib/armv7e-m\librt.a(__arm_eabi_init.o)
 .text.__init_hardware
                0x00000000        0x4 C:/Freescale/CW MCU v10.5/MCU/ARM_GCC_Support/ewl/lib/armv7e-m\librt.a(__arm_eabi_init.o)
 .bss.atexit_curr_func
                0x00000000        0x4 C:/Freescale/CW MCU v10.5/MCU/ARM_GCC_Support/ewl/lib/armv7e-m\librt.a(__arm_eabi_init.o)
 .bss.atexit_funcs
                0x00000000      0x300 C:/Freescale/CW MCU v10.5/MCU/ARM_GCC_Support/ewl/lib/armv7e-m\librt.a(__arm_eabi_init.o)

Memory Configuration

Name             Origin             Length             Attributes
m_interrupts     0x00000000         0x000000f8         xr
m_text           0x00000410         0x0001fbf0         xr
m_data           0x1fffe000         0x00002000         rw
m_data_20000000  0x20000000         0x00002000         rw
m_cfmprotrom     0x00000400         0x00000010         xr
*default*        0x00000000         0xffffffff

Linker script and memory map

LOAD ./Generated_Code/Vectors.o
LOAD ./Generated_Code/TU1.o
LOAD ./Generated_Code/PwmLdd1.o
LOAD ./Generated_Code/PWM1.o
LOAD ./Generated_Code/PE_LDD.o
LOAD ./Generated_Code/Cpu.o
LOAD ./Generated_Code/AdcLdd1.o
LOAD ./Generated_Code/AD2.o
LOAD ./Project_Settings/Startup_Code/__arm_start.o
LOAD ./Project_Settings/Startup_Code/__arm_end.o
LOAD ./Sources/ProcessorExpert.o
LOAD ./Sources/Events.o
                0x000010fc                __pformatter = __pformatter_
                [0x000014f4]                __sformatter = __sformatter
START GROUP
LOAD C:/Freescale/CW MCU v10.5/MCU/ARM_GCC_Support/ewl/lib/armv7e-m\libc.a
LOAD C:/Freescale/CW MCU v10.5/MCU/ARM_GCC_Support/ewl/lib/armv7e-m\libm.a
LOAD c:/freescale/cw mcu v10.5/cross_tools/arm-none-eabi-gcc-4_7_3/bin/../lib/gcc/arm-none-eabi/4.7.3/armv7e-m\libgcc.a
LOAD C:/Freescale/CW MCU v10.5/MCU/ARM_GCC_Support/ewl/lib/armv7e-m\librt.a
LOAD C:/Freescale/CW MCU v10.5/MCU/ARM_GCC_Support/ewl/lib/armv7e-m\libuart.a
END GROUP
                0x20000000                _estack = 0x20000000
                0x20000000                __SP_INIT = _estack
                0x00000000                __heap_size = 0x0
                0x00000400                __stack_size = 0x400

.interrupts     0x00000000       0xf8
                0x00000000                __vector_table = .
                0x00000000                . = ALIGN (0x4)
 *(.vectortable)
 .vectortable   0x00000000       0xf8 ./Generated_Code/Vectors.o
                0x00000000                __vect_table
                0x000000f8                . = ALIGN (0x4)

.cfmprotect     0x00000400       0x10
                0x00000400                . = ALIGN (0x4)
 *(.cfmconfig)
 .cfmconfig     0x00000400       0x10 ./Generated_Code/Cpu.o
                0x00000400                _cfm
                0x00000410                . = ALIGN (0x4)

.text           0x00000410     0x1d30
                0x00000410                . = ALIGN (0x4)
 *(.text)
 *(.text*)
 .text.TU1_Init
                0x00000410      0x198 ./Generated_Code/TU1.o
                0x00000410                TU1_Init
 .text.TU1_GetPeriodTicks
                0x000005a8       0x34 ./Generated_Code/TU1.o
                0x000005a8                TU1_GetPeriodTicks
 .text.TU1_SetOffsetTicks
                0x000005dc       0x64 ./Generated_Code/TU1.o
                0x000005dc                TU1_SetOffsetTicks
 .text.PwmLdd1_Init
                0x00000640       0x6c ./Generated_Code/PwmLdd1.o
                0x00000640                PwmLdd1_Init
 .text.PwmLdd1_SetRatio16
                0x000006ac       0x2c ./Generated_Code/PwmLdd1.o
                0x000006ac                PwmLdd1_SetRatio16
 .text.SetRatio
                0x000006d8       0x58 ./Generated_Code/PwmLdd1.o
 .text.Cpu_INT_NMIInterrupt
                0x00000730       0x1c ./Generated_Code/Cpu.o
                0x00000730                Cpu_INT_NMIInterrupt
 .text.Cpu_Interrupt
                0x0000074c       0x18 ./Generated_Code/Cpu.o
                0x0000074c                Cpu_Interrupt
 .text.__init_hardware
                0x00000764      0x268 ./Generated_Code/Cpu.o
                0x00000764                __init_hardware
 .text.Cpu_SetBASEPRI
                0x000009cc       0x18 ./Generated_Code/Cpu.o
                0x000009cc                Cpu_SetBASEPRI
 .text.PE_low_level_init
                0x000009e4       0xf8 ./Generated_Code/Cpu.o
                0x000009e4                PE_low_level_init
 .text.AdcLdd1_Init
                0x00000adc       0xe0 ./Generated_Code/AdcLdd1.o
                0x00000adc                AdcLdd1_Init
 .text.AdcLdd1_GetMeasuredValues
                0x00000bbc       0x58 ./Generated_Code/AdcLdd1.o
                0x00000bbc                AdcLdd1_GetMeasuredValues
 .text.AdcLdd1_GetCalibrationResultStatus
                0x00000c14      0x118 ./Generated_Code/AdcLdd1.o
                0x00000c14                AdcLdd1_GetCalibrationResultStatus
 .text.AdcLdd1_MeasurementCompleteInterrupt
                0x00000d2c       0x44 ./Generated_Code/AdcLdd1.o
                0x00000d2c                AdcLdd1_MeasurementCompleteInterrupt
 .text.AD2_GetValue16
                0x00000d70       0x40 ./Generated_Code/AD2.o
                0x00000d70                AD2_GetValue16
 .text.AdcLdd1_OnMeasurementComplete
                0x00000db0       0x7c ./Generated_Code/AD2.o
                0x00000db0                AdcLdd1_OnMeasurementComplete
 .text.AD2_Init
                0x00000e2c       0x38 ./Generated_Code/AD2.o
                0x00000e2c                AD2_Init
 .text.zero_fill_bss
                0x00000e64       0x2c ./Project_Settings/Startup_Code/__arm_start.o
 .text.__thumb_startup
                0x00000e90       0x30 ./Project_Settings/Startup_Code/__arm_start.o
                0x00000e90                __thumb_startup
 .text._ExitProcess
                0x00000ec0        0xc ./Project_Settings/Startup_Code/__arm_end.o
                0x00000ec0                _ExitProcess
 .text.main     0x00000ecc       0x30 ./Sources/ProcessorExpert.o
                0x00000ecc                main
 .text.Cpu_OnNMIINT
                0x00000efc        0xc ./Sources/Events.o
                0x00000efc                Cpu_OnNMIINT
 .text.AD2_OnEnd
                0x00000f08        0xc ./Sources/Events.o
                0x00000f08                AD2_OnEnd
 .text.AD2_OnCalibrationEnd
                0x00000f14        0xc ./Sources/Events.o
                0x00000f14                AD2_OnCalibrationEnd
 .text.exit     0x00000f20       0x38 C:/Freescale/CW MCU v10.5/MCU/ARM_GCC_Support/ewl/lib/armv7e-m\libc.a(exit.o)
                0x00000f20                exit
 .text.memset   0x00000f58        0xc C:/Freescale/CW MCU v10.5/MCU/ARM_GCC_Support/ewl/lib/armv7e-m\libc.a(memset.o)
                0x00000f58                memset
 .text.long2str.isra.0
                0x00000f64      0x196 C:/Freescale/CW MCU v10.5/MCU/ARM_GCC_Support/ewl/lib/armv7e-m\libc.a(printformat_.o)
 *fill*         0x000010fa        0x2 00
 .text.__pformatter_
                0x000010fc      0x3f8 C:/Freescale/CW MCU v10.5/MCU/ARM_GCC_Support/ewl/lib/armv7e-m\libc.a(printformat_.o)
                0x000010fc                __pformatter_
 .text.__sformatter
                0x000014f4      0x6f4 C:/Freescale/CW MCU v10.5/MCU/ARM_GCC_Support/ewl/lib/armv7e-m\libc.a(scanformat_.o)
                0x000014f4                __sformatter
 .text.isalpha  0x00001be8       0x1c C:/Freescale/CW MCU v10.5/MCU/ARM_GCC_Support/ewl/lib/armv7e-m\libc.a(ctype_aeabi.o)
                0x00001be8                isalpha
 .text.isspace  0x00001c04       0x1c C:/Freescale/CW MCU v10.5/MCU/ARM_GCC_Support/ewl/lib/armv7e-m\libc.a(ctype_aeabi.o)
                0x00001c04                isspace
 .text.toupper  0x00001c20        0xc C:/Freescale/CW MCU v10.5/MCU/ARM_GCC_Support/ewl/lib/armv7e-m\libc.a(ctype_aeabi.o)
                0x00001c20                toupper
 .text.__strtoul
                0x00001c2c      0x214 C:/Freescale/CW MCU v10.5/MCU/ARM_GCC_Support/ewl/lib/armv7e-m\libc.a(__strtoul.o)
                0x00001c2c                __strtoul
 .text.__fill_mem
                0x00001e40       0x76 C:/Freescale/CW MCU v10.5/MCU/ARM_GCC_Support/ewl/lib/armv7e-m\libc.a(__filll_mem.o)
                0x00001e40                __fill_mem
 .text.memchr   0x00001eb6       0x18 C:/Freescale/CW MCU v10.5/MCU/ARM_GCC_Support/ewl/lib/armv7e-m\libc.a(memchr.o)
                0x00001eb6                memchr
 .text.strchr   0x00001ece       0x1a C:/Freescale/CW MCU v10.5/MCU/ARM_GCC_Support/ewl/lib/armv7e-m\libc.a(strchr.o)
                0x00001ece                strchr
 .text.strlen   0x00001ee8       0x10 C:/Freescale/CW MCU v10.5/MCU/ARM_GCC_Support/ewl/lib/armv7e-m\libc.a(strlen.o)
                0x00001ee8                strlen
 .text.__init_cpp
                0x00001ef8       0x4c C:/Freescale/CW MCU v10.5/MCU/ARM_GCC_Support/ewl/lib/armv7e-m\librt.a(gcc_ctor_dtor.o)
                0x00001ef8                __init_cpp
 .text.__fini_cpp
                0x00001f44       0x34 C:/Freescale/CW MCU v10.5/MCU/ARM_GCC_Support/ewl/lib/armv7e-m\librt.a(gcc_ctor_dtor.o)
                0x00001f44                __fini_cpp
 .text.__copy_rom_section
                0x00001f78       0x44 C:/Freescale/CW MCU v10.5/MCU/ARM_GCC_Support/ewl/lib/armv7e-m\librt.a(ROMCopy.o)
                0x00001f78                __copy_rom_section
 .text.__copy_rom_sections_to_ram
                0x00001fbc       0x30 C:/Freescale/CW MCU v10.5/MCU/ARM_GCC_Support/ewl/lib/armv7e-m\librt.a(ROMCopy.o)
                0x00001fbc                __copy_rom_sections_to_ram
 .text.__destroy_global_chain
                0x00001fec       0x18 C:/Freescale/CW MCU v10.5/MCU/ARM_GCC_Support/ewl/lib/armv7e-m\librt.a(__arm_eabi_init.o)
                0x00001fec                __destroy_global_chain
 .text.__init_registers
                0x00002004       0x24 C:/Freescale/CW MCU v10.5/MCU/ARM_GCC_Support/ewl/lib/armv7e-m\librt.a(__arm_eabi_init.o)
                0x00002004                __init_registers
 .text.__init_user
                0x00002028        0x4 C:/Freescale/CW MCU v10.5/MCU/ARM_GCC_Support/ewl/lib/armv7e-m\librt.a(__arm_eabi_init.o)
                0x00002028                __init_user
 *(.rodata)
 *(.rodata*)
 .rodata.ChannelDevice
                0x0000202c        0x4 ./Generated_Code/TU1.o
 .rodata.ChannelMode
                0x00002030        0x4 ./Generated_Code/TU1.o
 .rodata.str1.1
                0x00002034        0x1 C:/Freescale/CW MCU v10.5/MCU/ARM_GCC_Support/ewl/lib/armv7e-m\libc.a(printformat_.o)
 .rodata.CSWTCH.20
                0x00002035        0x5 C:/Freescale/CW MCU v10.5/MCU/ARM_GCC_Support/ewl/lib/armv7e-m\libc.a(printformat_.o)
 .rodata.CSWTCH.21
                0x0000203a        0x5 C:/Freescale/CW MCU v10.5/MCU/ARM_GCC_Support/ewl/lib/armv7e-m\libc.a(printformat_.o)
 .rodata.__aeabi_ctype_table_C
                0x0000203f      0x101 C:/Freescale/CW MCU v10.5/MCU/ARM_GCC_Support/ewl/lib/armv7e-m\libc.a(ctype_aeabi.o)
                0x0000203f                __aeabi_ctype_table_C
 *(.glue_7)
 .glue_7        0x00000000        0x0 linker stubs
 *(.glue_7t)
 .glue_7t       0x00000000        0x0 linker stubs
 *(.eh_frame)
 *(.init)
 *(.fini)
                0x00002140                . = ALIGN (0x4)
                0x00002140                _etext = .

.vfp11_veneer   0x00002140        0x0
 .vfp11_veneer  0x00000000        0x0 linker stubs

.v4_bx          0x00002140        0x0
 .v4_bx         0x00000000        0x0 linker stubs

.iplt           0x00002140        0x0
 .iplt          0x00000000        0x0 ./Generated_Code/Vectors.o

.rel.dyn        0x00002140        0x0
 .rel.iplt      0x00000000        0x0 ./Generated_Code/Vectors.o

.ARM.extab
 *(.ARM.extab* .gnu.linkonce.armextab.*)

.ARM            0x00002140        0x0
                0x00002140                __exidx_start = .
 *(.ARM.exidx*)
                0x00002140                __exidx_end = .

.ctors          0x00002140        0x0
                0x00002140                __CTOR_LIST__ = .
 *crtbegin.o(.ctors)
 *(EXCLUDE_FILE(*crtend.o) .ctors)
 *(SORT(.ctors.*))
 *(.ctors)
                0x00002140                __CTOR_END__ = .

.dtors          0x00002140        0x0
                0x00002140                __DTOR_LIST__ = .
 *crtbegin.o(.dtors)
 *(EXCLUDE_FILE(*crtend.o) .dtors)
 *(SORT(.dtors.*))
 *(.dtors)
                0x00002140                __DTOR_END__ = .

.preinit_array  0x00002140        0x0
                0x00002140                PROVIDE (__preinit_array_start, .)
 *(.preinit_array*)
                0x00002140                PROVIDE (__preinit_array_end, .)

.init_array     0x00002140        0x0
                0x00002140                PROVIDE (__init_array_start, .)
 *(SORT(.init_array.*))
 *(.init_array*)
                0x00002140                PROVIDE (__init_array_end, .)

.fini_array     0x00002140        0x0
                0x00002140                PROVIDE (__fini_array_start, .)
 *(SORT(.fini_array.*))
 *(.fini_array*)
                0x00002140                PROVIDE (__fini_array_end, .)
                0x00002140                ___ROM_AT = .

.data           0x1fffe000        0x0 load address 0x00002140
                0x1fffe000                . = ALIGN (0x4)
                0x1fffe000                _sdata = .
 *(.data)
 *(.data*)
                0x1fffe000                . = ALIGN (0x4)
                0x1fffe000                _edata = .
                0x00000000                ___data_size = (_edata - _sdata)
                0x00002140                ___m_data_20000000_ROMStart = (___ROM_AT + SIZEOF (.data))

.igot.plt       0x1fffe000        0x0
 .igot.plt      0x00000000        0x0 ./Generated_Code/Vectors.o

.m_data_20000000
                0x20000000        0x0 load address 0x00002140
                0x20000000                . = ALIGN (0x4)
                0x20000000                ___m_data_20000000_RAMStart = .
 *(.m_data_20000000)
                0x20000000                ___m_data_20000000_RAMEnd = .
                0x20000000                . = ALIGN (0x4)
                0x00000000                ___m_data_20000000_ROMSize = (___m_data_20000000_RAMEnd - ___m_data_20000000_RAMStart)
                0x20000000                . = ALIGN (0x4)

.bss            0x1fffe000       0x54
                0x1fffe000                __START_BSS = .
                0x1fffe000                PROVIDE (__bss_start__, __START_BSS)
 *(.bss)
 *(.bss*)
 .bss.DeviceDataPrv__DEFAULT_RTOS_ALLOC
                0x1fffe000        0x8 ./Generated_Code/TU1.o
 .bss.DeviceDataPrv__DEFAULT_RTOS_ALLOC
                0x1fffe008        0xc ./Generated_Code/PwmLdd1.o
 .bss.PE_LDD_DeviceDataList
                0x1fffe014        0xc ./Generated_Code/PE_LDD.o
                0x1fffe014                PE_LDD_DeviceDataList
 .bss.DeviceDataPrv__DEFAULT_RTOS_ALLOC
                0x1fffe020        0x8 ./Generated_Code/AdcLdd1.o
 .bss.INT_ADC0__DEFAULT_RTOS_ISRPARAM
                0x1fffe028        0x4 ./Generated_Code/AdcLdd1.o
 .bss.ModeFlg   0x1fffe02c        0x1 ./Generated_Code/AD2.o
 .bss.OutFlg    0x1fffe02d        0x1 ./Generated_Code/AD2.o
 *fill*         0x1fffe02e        0x2 00
 .bss.argv      0x1fffe030        0x4 ./Project_Settings/Startup_Code/__arm_start.o
 .bss.__stdio_exit
                0x1fffe034        0x4 C:/Freescale/CW MCU v10.5/MCU/ARM_GCC_Support/ewl/lib/armv7e-m\libc.a(exit.o)
                0x1fffe034                __stdio_exit
 .bss.__console_exit
                0x1fffe038        0x4 C:/Freescale/CW MCU v10.5/MCU/ARM_GCC_Support/ewl/lib/armv7e-m\libc.a(exit.o)
                0x1fffe038                __console_exit
 .bss.__S_romp  0x1fffe03c        0xc C:/Freescale/CW MCU v10.5/MCU/ARM_GCC_Support/ewl/lib/armv7e-m\librt.a(ROMCopy.o)
 .bss.__global_destructor_chain
                0x1fffe048        0x4 C:/Freescale/CW MCU v10.5/MCU/ARM_GCC_Support/ewl/lib/armv7e-m\librt.a(__arm_eabi_init.o)
                0x1fffe048                __global_destructor_chain
 *(COMMON)
 COMMON         0x1fffe04c        0x8 ./Generated_Code/AD2.o
                0x1fffe04c                AD2_OutV
                0x1fffe050                AdcLdd1_DeviceDataPtr
                0x1fffe054                . = ALIGN (0x4)
                0x1fffe054                __END_BSS = .
                0x1fffe054                PROVIDE (__bss_end__, __END_BSS)
                0x00002140                _romp_at = ((___ROM_AT + SIZEOF (.data)) + SIZEOF (.m_data_20000000))

.romp           0x1fffe054       0x24 load address 0x00002140
                0x00002140                __S_romp = _romp_at
                0x1fffe054        0x4 LONG 0x2140 ___ROM_AT
                0x1fffe058        0x4 LONG 0x1fffe000 _sdata
                0x1fffe05c        0x4 LONG 0x0 ___data_size
                0x1fffe060        0x4 LONG 0x2140 ___m_data_20000000_ROMStart
                0x1fffe064        0x4 LONG 0x20000000 ___m_data_20000000_RAMStart
                0x1fffe068        0x4 LONG 0x0 ___m_data_20000000_ROMSize
                0x1fffe06c        0x4 LONG 0x0
                0x1fffe070        0x4 LONG 0x0
                0x1fffe074        0x4 LONG 0x0

._user_heap_stack
                0x1fffe078      0x400 load address 0x00002164
                0x1fffe078                . = ALIGN (0x4)
                0x1fffe078                PROVIDE (end, .)
                0x1fffe078                PROVIDE (_end, .)
                0x1fffe078                __heap_addr = .
                0x1fffe078                . = (. + __heap_size)
                0x1fffe478                . = (. + __stack_size)
 *fill*         0x1fffe078      0x400 00
                0x1fffe478                . = ALIGN (0x4)

.ARM.attributes
                0x00000000       0x33
 *(.ARM.attributes)
 .ARM.attributes
                0x00000000       0x33 ./Generated_Code/Vectors.o
 .ARM.attributes
                0x00000033       0x33 ./Generated_Code/TU1.o
 .ARM.attributes
                0x00000066       0x33 ./Generated_Code/PwmLdd1.o
 .ARM.attributes
                0x00000099       0x33 ./Generated_Code/PE_LDD.o
 .ARM.attributes
                0x000000cc       0x33 ./Generated_Code/Cpu.o
 .ARM.attributes
                0x000000ff       0x33 ./Generated_Code/AdcLdd1.o
 .ARM.attributes
                0x00000132       0x33 ./Generated_Code/AD2.o
 .ARM.attributes
                0x00000165       0x33 ./Project_Settings/Startup_Code/__arm_start.o
 .ARM.attributes
                0x00000198       0x33 ./Project_Settings/Startup_Code/__arm_end.o
 .ARM.attributes
                0x000001cb       0x33 ./Sources/ProcessorExpert.o
 .ARM.attributes
                0x000001fe       0x33 ./Sources/Events.o
 .ARM.attributes
                0x00000231       0x33 C:/Freescale/CW MCU v10.5/MCU/ARM_GCC_Support/ewl/lib/armv7e-m\libc.a(exit.o)
 .ARM.attributes
                0x00000264       0x33 C:/Freescale/CW MCU v10.5/MCU/ARM_GCC_Support/ewl/lib/armv7e-m\libc.a(memset.o)
 .ARM.attributes
                0x00000297       0x33 C:/Freescale/CW MCU v10.5/MCU/ARM_GCC_Support/ewl/lib/armv7e-m\libc.a(printformat_.o)
 .ARM.attributes
                0x000002ca       0x33 C:/Freescale/CW MCU v10.5/MCU/ARM_GCC_Support/ewl/lib/armv7e-m\libc.a(scanformat_.o)
 .ARM.attributes
                0x000002fd       0x33 C:/Freescale/CW MCU v10.5/MCU/ARM_GCC_Support/ewl/lib/armv7e-m\libc.a(ctype_aeabi.o)
 .ARM.attributes
                0x00000330       0x33 C:/Freescale/CW MCU v10.5/MCU/ARM_GCC_Support/ewl/lib/armv7e-m\libc.a(__strtoul.o)
 .ARM.attributes
                0x00000363       0x33 C:/Freescale/CW MCU v10.5/MCU/ARM_GCC_Support/ewl/lib/armv7e-m\libc.a(__filll_mem.o)
 .ARM.attributes
                0x00000396       0x33 C:/Freescale/CW MCU v10.5/MCU/ARM_GCC_Support/ewl/lib/armv7e-m\libc.a(memchr.o)
 .ARM.attributes
                0x000003c9       0x33 C:/Freescale/CW MCU v10.5/MCU/ARM_GCC_Support/ewl/lib/armv7e-m\libc.a(strchr.o)
 .ARM.attributes
                0x000003fc       0x33 C:/Freescale/CW MCU v10.5/MCU/ARM_GCC_Support/ewl/lib/armv7e-m\libc.a(strlen.o)
 .ARM.attributes
                0x0000042f       0x33 C:/Freescale/CW MCU v10.5/MCU/ARM_GCC_Support/ewl/lib/armv7e-m\librt.a(gcc_ctor_dtor.o)
 .ARM.attributes
                0x00000462       0x33 C:/Freescale/CW MCU v10.5/MCU/ARM_GCC_Support/ewl/lib/armv7e-m\librt.a(ROMCopy.o)
 .ARM.attributes
                0x00000495       0x33 C:/Freescale/CW MCU v10.5/MCU/ARM_GCC_Support/ewl/lib/armv7e-m\librt.a(__arm_eabi_init.o)
OUTPUT(Lab2.elf elf32-littlearm)

.debug_info     0x00000000     0x41bf
 .debug_info    0x00000000      0x104 ./Generated_Code/Vectors.o
 .debug_info    0x00000104      0x7d4 ./Generated_Code/TU1.o
 .debug_info    0x000008d8      0x2c7 ./Generated_Code/PwmLdd1.o
 .debug_info    0x00000b9f      0x24e ./Generated_Code/PE_LDD.o
 .debug_info    0x00000ded      0xaad ./Generated_Code/Cpu.o
 .debug_info    0x0000189a      0x8ea ./Generated_Code/AdcLdd1.o
 .debug_info    0x00002184      0x23b ./Generated_Code/AD2.o
 .debug_info    0x000023bf      0x12a ./Project_Settings/Startup_Code/__arm_start.o
 .debug_info    0x000024e9       0x54 ./Project_Settings/Startup_Code/__arm_end.o
 .debug_info    0x0000253d       0xdd ./Sources/ProcessorExpert.o
 .debug_info    0x0000261a       0xb5 ./Sources/Events.o
 .debug_info    0x000026cf       0xe8 C:/Freescale/CW MCU v10.5/MCU/ARM_GCC_Support/ewl/lib/armv7e-m\libc.a(exit.o)
 .debug_info    0x000027b7       0xec C:/Freescale/CW MCU v10.5/MCU/ARM_GCC_Support/ewl/lib/armv7e-m\libc.a(memset.o)
 .debug_info    0x000028a3      0x50e C:/Freescale/CW MCU v10.5/MCU/ARM_GCC_Support/ewl/lib/armv7e-m\libc.a(printformat_.o)
 .debug_info    0x00002db1      0x565 C:/Freescale/CW MCU v10.5/MCU/ARM_GCC_Support/ewl/lib/armv7e-m\libc.a(scanformat_.o)
 .debug_info    0x00003316      0x306 C:/Freescale/CW MCU v10.5/MCU/ARM_GCC_Support/ewl/lib/armv7e-m\libc.a(ctype_aeabi.o)
 .debug_info    0x0000361c      0x1d6 C:/Freescale/CW MCU v10.5/MCU/ARM_GCC_Support/ewl/lib/armv7e-m\libc.a(__strtoul.o)
 .debug_info    0x000037f2      0x135 C:/Freescale/CW MCU v10.5/MCU/ARM_GCC_Support/ewl/lib/armv7e-m\libc.a(__filll_mem.o)
 .debug_info    0x00003927      0x120 C:/Freescale/CW MCU v10.5/MCU/ARM_GCC_Support/ewl/lib/armv7e-m\libc.a(memchr.o)
 .debug_info    0x00003a47      0x108 C:/Freescale/CW MCU v10.5/MCU/ARM_GCC_Support/ewl/lib/armv7e-m\libc.a(strchr.o)
 .debug_info    0x00003b4f       0xeb C:/Freescale/CW MCU v10.5/MCU/ARM_GCC_Support/ewl/lib/armv7e-m\libc.a(strlen.o)
 .debug_info    0x00003c3a      0x136 C:/Freescale/CW MCU v10.5/MCU/ARM_GCC_Support/ewl/lib/armv7e-m\librt.a(gcc_ctor_dtor.o)
 .debug_info    0x00003d70      0x19a C:/Freescale/CW MCU v10.5/MCU/ARM_GCC_Support/ewl/lib/armv7e-m\librt.a(ROMCopy.o)
 .debug_info    0x00003f0a      0x2b5 C:/Freescale/CW MCU v10.5/MCU/ARM_GCC_Support/ewl/lib/armv7e-m\librt.a(__arm_eabi_init.o)

.debug_abbrev   0x00000000     0x158e
 .debug_abbrev  0x00000000       0xa3 ./Generated_Code/Vectors.o
 .debug_abbrev  0x000000a3      0x17e ./Generated_Code/TU1.o
 .debug_abbrev  0x00000221       0xfb ./Generated_Code/PwmLdd1.o
 .debug_abbrev  0x0000031c      0x102 ./Generated_Code/PE_LDD.o
 .debug_abbrev  0x0000041e      0x148 ./Generated_Code/Cpu.o
 .debug_abbrev  0x00000566      0x18e ./Generated_Code/AdcLdd1.o
 .debug_abbrev  0x000006f4      0x114 ./Generated_Code/AD2.o
 .debug_abbrev  0x00000808       0x92 ./Project_Settings/Startup_Code/__arm_start.o
 .debug_abbrev  0x0000089a       0x4c ./Project_Settings/Startup_Code/__arm_end.o
 .debug_abbrev  0x000008e6       0x9d ./Sources/ProcessorExpert.o
 .debug_abbrev  0x00000983       0x3d ./Sources/Events.o
 .debug_abbrev  0x000009c0       0x7a C:/Freescale/CW MCU v10.5/MCU/ARM_GCC_Support/ewl/lib/armv7e-m\libc.a(exit.o)
 .debug_abbrev  0x00000a3a       0x62 C:/Freescale/CW MCU v10.5/MCU/ARM_GCC_Support/ewl/lib/armv7e-m\libc.a(memset.o)
 .debug_abbrev  0x00000a9c      0x200 C:/Freescale/CW MCU v10.5/MCU/ARM_GCC_Support/ewl/lib/armv7e-m\libc.a(printformat_.o)
 .debug_abbrev  0x00000c9c      0x1f0 C:/Freescale/CW MCU v10.5/MCU/ARM_GCC_Support/ewl/lib/armv7e-m\libc.a(scanformat_.o)
 .debug_abbrev  0x00000e8c       0x85 C:/Freescale/CW MCU v10.5/MCU/ARM_GCC_Support/ewl/lib/armv7e-m\libc.a(ctype_aeabi.o)
 .debug_abbrev  0x00000f11       0xc2 C:/Freescale/CW MCU v10.5/MCU/ARM_GCC_Support/ewl/lib/armv7e-m\libc.a(__strtoul.o)
 .debug_abbrev  0x00000fd3       0x87 C:/Freescale/CW MCU v10.5/MCU/ARM_GCC_Support/ewl/lib/armv7e-m\libc.a(__filll_mem.o)
 .debug_abbrev  0x0000105a       0x95 C:/Freescale/CW MCU v10.5/MCU/ARM_GCC_Support/ewl/lib/armv7e-m\libc.a(memchr.o)
 .debug_abbrev  0x000010ef       0x89 C:/Freescale/CW MCU v10.5/MCU/ARM_GCC_Support/ewl/lib/armv7e-m\libc.a(strchr.o)
 .debug_abbrev  0x00001178       0x7a C:/Freescale/CW MCU v10.5/MCU/ARM_GCC_Support/ewl/lib/armv7e-m\libc.a(strlen.o)
 .debug_abbrev  0x000011f2       0x99 C:/Freescale/CW MCU v10.5/MCU/ARM_GCC_Support/ewl/lib/armv7e-m\librt.a(gcc_ctor_dtor.o)
 .debug_abbrev  0x0000128b      0x137 C:/Freescale/CW MCU v10.5/MCU/ARM_GCC_Support/ewl/lib/armv7e-m\librt.a(ROMCopy.o)
 .debug_abbrev  0x000013c2      0x1cc C:/Freescale/CW MCU v10.5/MCU/ARM_GCC_Support/ewl/lib/armv7e-m\librt.a(__arm_eabi_init.o)

.debug_aranges  0x00000000      0x4b8
 .debug_aranges
                0x00000000       0x18 ./Generated_Code/Vectors.o
 .debug_aranges
                0x00000018       0x48 ./Generated_Code/TU1.o
 .debug_aranges
                0x00000060       0x40 ./Generated_Code/PwmLdd1.o
 .debug_aranges
                0x000000a0       0x30 ./Generated_Code/PE_LDD.o
 .debug_aranges
                0x000000d0       0x40 ./Generated_Code/Cpu.o
 .debug_aranges
                0x00000110       0x60 ./Generated_Code/AdcLdd1.o
 .debug_aranges
                0x00000170       0x48 ./Generated_Code/AD2.o
 .debug_aranges
                0x000001b8       0x30 ./Project_Settings/Startup_Code/__arm_start.o
 .debug_aranges
                0x000001e8       0x20 ./Project_Settings/Startup_Code/__arm_end.o
 .debug_aranges
                0x00000208       0x20 ./Sources/ProcessorExpert.o
 .debug_aranges
                0x00000228       0x30 ./Sources/Events.o
 .debug_aranges
                0x00000258       0x20 C:/Freescale/CW MCU v10.5/MCU/ARM_GCC_Support/ewl/lib/armv7e-m\libc.a(exit.o)
 .debug_aranges
                0x00000278       0x20 C:/Freescale/CW MCU v10.5/MCU/ARM_GCC_Support/ewl/lib/armv7e-m\libc.a(memset.o)
 .debug_aranges
                0x00000298       0x28 C:/Freescale/CW MCU v10.5/MCU/ARM_GCC_Support/ewl/lib/armv7e-m\libc.a(printformat_.o)
 .debug_aranges
                0x000002c0       0x20 C:/Freescale/CW MCU v10.5/MCU/ARM_GCC_Support/ewl/lib/armv7e-m\libc.a(scanformat_.o)
 .debug_aranges
                0x000002e0       0x88 C:/Freescale/CW MCU v10.5/MCU/ARM_GCC_Support/ewl/lib/armv7e-m\libc.a(ctype_aeabi.o)
 .debug_aranges
                0x00000368       0x20 C:/Freescale/CW MCU v10.5/MCU/ARM_GCC_Support/ewl/lib/armv7e-m\libc.a(__strtoul.o)
 .debug_aranges
                0x00000388       0x20 C:/Freescale/CW MCU v10.5/MCU/ARM_GCC_Support/ewl/lib/armv7e-m\libc.a(__filll_mem.o)
 .debug_aranges
                0x000003a8       0x20 C:/Freescale/CW MCU v10.5/MCU/ARM_GCC_Support/ewl/lib/armv7e-m\libc.a(memchr.o)
 .debug_aranges
                0x000003c8       0x20 C:/Freescale/CW MCU v10.5/MCU/ARM_GCC_Support/ewl/lib/armv7e-m\libc.a(strchr.o)
 .debug_aranges
                0x000003e8       0x20 C:/Freescale/CW MCU v10.5/MCU/ARM_GCC_Support/ewl/lib/armv7e-m\libc.a(strlen.o)
 .debug_aranges
                0x00000408       0x28 C:/Freescale/CW MCU v10.5/MCU/ARM_GCC_Support/ewl/lib/armv7e-m\librt.a(gcc_ctor_dtor.o)
 .debug_aranges
                0x00000430       0x30 C:/Freescale/CW MCU v10.5/MCU/ARM_GCC_Support/ewl/lib/armv7e-m\librt.a(ROMCopy.o)
 .debug_aranges
                0x00000460       0x58 C:/Freescale/CW MCU v10.5/MCU/ARM_GCC_Support/ewl/lib/armv7e-m\librt.a(__arm_eabi_init.o)

.debug_macinfo  0x00000000   0x2dfadc
 .debug_macinfo
                0x00000000    0x5317f ./Generated_Code/Vectors.o
 .debug_macinfo
                0x0005317f    0x4df05 ./Generated_Code/TU1.o
 .debug_macinfo
                0x000a1084    0x4e02f ./Generated_Code/PwmLdd1.o
 .debug_macinfo
                0x000ef0b3    0x5315b ./Generated_Code/PE_LDD.o
 .debug_macinfo
                0x0014220e    0x53183 ./Generated_Code/Cpu.o
 .debug_macinfo
                0x00195391    0x49e1e ./Generated_Code/AdcLdd1.o
 .debug_macinfo
                0x001df1af    0x531ce ./Generated_Code/AD2.o
 .debug_macinfo
                0x0023237d     0x3f3e ./Project_Settings/Startup_Code/__arm_start.o
 .debug_macinfo
                0x002362bb     0x3527 ./Project_Settings/Startup_Code/__arm_end.o
 .debug_macinfo
                0x002397e2    0x5317f ./Sources/ProcessorExpert.o
 .debug_macinfo
                0x0028c961    0x5317b ./Sources/Events.o

.debug_line     0x00000000     0x2f2d
 .debug_line    0x00000000      0x378 ./Generated_Code/Vectors.o
 .debug_line    0x00000378      0x2dd ./Generated_Code/TU1.o
 .debug_line    0x00000655      0x29d ./Generated_Code/PwmLdd1.o
 .debug_line    0x000008f2      0x29a ./Generated_Code/PE_LDD.o
 .debug_line    0x00000b8c      0x40b ./Generated_Code/Cpu.o
 .debug_line    0x00000f97      0x319 ./Generated_Code/AdcLdd1.o
 .debug_line    0x000012b0      0x3a5 ./Generated_Code/AD2.o
 .debug_line    0x00001655      0x2bd ./Project_Settings/Startup_Code/__arm_start.o
 .debug_line    0x00001912      0x266 ./Project_Settings/Startup_Code/__arm_end.o
 .debug_line    0x00001b78      0x2cc ./Sources/ProcessorExpert.o
 .debug_line    0x00001e44      0x2e2 ./Sources/Events.o
 .debug_line    0x00002126       0x94 C:/Freescale/CW MCU v10.5/MCU/ARM_GCC_Support/ewl/lib/armv7e-m\libc.a(exit.o)
 .debug_line    0x000021ba       0x8f C:/Freescale/CW MCU v10.5/MCU/ARM_GCC_Support/ewl/lib/armv7e-m\libc.a(memset.o)
 .debug_line    0x00002249      0x2b4 C:/Freescale/CW MCU v10.5/MCU/ARM_GCC_Support/ewl/lib/armv7e-m\libc.a(printformat_.o)
 .debug_line    0x000024fd      0x2df C:/Freescale/CW MCU v10.5/MCU/ARM_GCC_Support/ewl/lib/armv7e-m\libc.a(scanformat_.o)
 .debug_line    0x000027dc      0x1a9 C:/Freescale/CW MCU v10.5/MCU/ARM_GCC_Support/ewl/lib/armv7e-m\libc.a(ctype_aeabi.o)
 .debug_line    0x00002985      0x11b C:/Freescale/CW MCU v10.5/MCU/ARM_GCC_Support/ewl/lib/armv7e-m\libc.a(__strtoul.o)
 .debug_line    0x00002aa0       0xcd C:/Freescale/CW MCU v10.5/MCU/ARM_GCC_Support/ewl/lib/armv7e-m\libc.a(__filll_mem.o)
 .debug_line    0x00002b6d       0x9f C:/Freescale/CW MCU v10.5/MCU/ARM_GCC_Support/ewl/lib/armv7e-m\libc.a(memchr.o)
 .debug_line    0x00002c0c       0x7d C:/Freescale/CW MCU v10.5/MCU/ARM_GCC_Support/ewl/lib/armv7e-m\libc.a(strchr.o)
 .debug_line    0x00002c89       0x83 C:/Freescale/CW MCU v10.5/MCU/ARM_GCC_Support/ewl/lib/armv7e-m\libc.a(strlen.o)
 .debug_line    0x00002d0c       0x67 C:/Freescale/CW MCU v10.5/MCU/ARM_GCC_Support/ewl/lib/armv7e-m\librt.a(gcc_ctor_dtor.o)
 .debug_line    0x00002d73       0xa9 C:/Freescale/CW MCU v10.5/MCU/ARM_GCC_Support/ewl/lib/armv7e-m\librt.a(ROMCopy.o)
 .debug_line    0x00002e1c      0x111 C:/Freescale/CW MCU v10.5/MCU/ARM_GCC_Support/ewl/lib/armv7e-m\librt.a(__arm_eabi_init.o)

.debug_str      0x00000000     0x163c
 .debug_str     0x00000000      0x15b ./Generated_Code/Vectors.o
                                0x18d (size before relaxing)
 .debug_str     0x0000015b      0x386 ./Generated_Code/TU1.o
                                0x4d7 (size before relaxing)
 .debug_str     0x000004e1       0xd4 ./Generated_Code/PwmLdd1.o
                                0x2a4 (size before relaxing)
 .debug_str     0x000005b5      0x172 ./Generated_Code/PE_LDD.o
                                0x2f0 (size before relaxing)
 .debug_str     0x00000727      0x274 ./Generated_Code/Cpu.o
                                0x4ed (size before relaxing)
 .debug_str     0x0000099b      0x244 ./Generated_Code/AdcLdd1.o
                                0x56f (size before relaxing)
 .debug_str     0x00000bdf       0xb9 ./Generated_Code/AD2.o
                                0x257 (size before relaxing)
 .debug_str     0x00000c98       0x85 ./Project_Settings/Startup_Code/__arm_start.o
                                0x1bb (size before relaxing)
 .debug_str     0x00000d1d       0x41 ./Project_Settings/Startup_Code/__arm_end.o
                                 0xf2 (size before relaxing)
 .debug_str     0x00000d5e       0x3c ./Sources/ProcessorExpert.o
                                0x191 (size before relaxing)
 .debug_str     0x00000d9a       0x40 ./Sources/Events.o
                                0x16f (size before relaxing)
 .debug_str     0x00000dda       0x54 C:/Freescale/CW MCU v10.5/MCU/ARM_GCC_Support/ewl/lib/armv7e-m\libc.a(exit.o)
                                0x157 (size before relaxing)
 .debug_str     0x00000e2e       0x23 C:/Freescale/CW MCU v10.5/MCU/ARM_GCC_Support/ewl/lib/armv7e-m\libc.a(memset.o)
                                0x140 (size before relaxing)
 .debug_str     0x00000e51      0x23b C:/Freescale/CW MCU v10.5/MCU/ARM_GCC_Support/ewl/lib/armv7e-m\libc.a(printformat_.o)
                                0x3b3 (size before relaxing)
 .debug_str     0x0000108c      0x184 C:/Freescale/CW MCU v10.5/MCU/ARM_GCC_Support/ewl/lib/armv7e-m\libc.a(scanformat_.o)
                                0x3f9 (size before relaxing)
 .debug_str     0x00001210       0x9d C:/Freescale/CW MCU v10.5/MCU/ARM_GCC_Support/ewl/lib/armv7e-m\libc.a(ctype_aeabi.o)
                                0x1bc (size before relaxing)
 .debug_str     0x000012ad       0x61 C:/Freescale/CW MCU v10.5/MCU/ARM_GCC_Support/ewl/lib/armv7e-m\libc.a(__strtoul.o)
                                0x1fb (size before relaxing)
 .debug_str     0x0000130e       0x25 C:/Freescale/CW MCU v10.5/MCU/ARM_GCC_Support/ewl/lib/armv7e-m\libc.a(__filll_mem.o)
                                0x152 (size before relaxing)
 .debug_str     0x00001333       0x1c C:/Freescale/CW MCU v10.5/MCU/ARM_GCC_Support/ewl/lib/armv7e-m\libc.a(memchr.o)
                                0x148 (size before relaxing)
 .debug_str     0x0000134f       0x1c C:/Freescale/CW MCU v10.5/MCU/ARM_GCC_Support/ewl/lib/armv7e-m\libc.a(strchr.o)
                                0x137 (size before relaxing)
 .debug_str     0x0000136b       0x1c C:/Freescale/CW MCU v10.5/MCU/ARM_GCC_Support/ewl/lib/armv7e-m\libc.a(strlen.o)
                                0x140 (size before relaxing)
 .debug_str     0x00001387      0x126 C:/Freescale/CW MCU v10.5/MCU/ARM_GCC_Support/ewl/lib/armv7e-m\librt.a(gcc_ctor_dtor.o)
                                0x181 (size before relaxing)
 .debug_str     0x000014ad       0xa1 C:/Freescale/CW MCU v10.5/MCU/ARM_GCC_Support/ewl/lib/armv7e-m\librt.a(ROMCopy.o)
                                0x13c (size before relaxing)
 .debug_str     0x0000154e       0xee C:/Freescale/CW MCU v10.5/MCU/ARM_GCC_Support/ewl/lib/armv7e-m\librt.a(__arm_eabi_init.o)
                                0x1b5 (size before relaxing)

.comment        0x00000000       0x79
 .comment       0x00000000       0x79 ./Generated_Code/Vectors.o
                                 0x7a (size before relaxing)
 .comment       0x00000000       0x7a ./Generated_Code/TU1.o
 .comment       0x00000000       0x7a ./Generated_Code/PwmLdd1.o
 .comment       0x00000000       0x7a ./Generated_Code/PE_LDD.o
 .comment       0x00000000       0x7a ./Generated_Code/Cpu.o
 .comment       0x00000000       0x7a ./Generated_Code/AdcLdd1.o
 .comment       0x00000000       0x7a ./Generated_Code/AD2.o
 .comment       0x00000000       0x7a ./Project_Settings/Startup_Code/__arm_start.o
 .comment       0x00000000       0x7a ./Project_Settings/Startup_Code/__arm_end.o
 .comment       0x00000000       0x7a ./Sources/ProcessorExpert.o
 .comment       0x00000000       0x7a ./Sources/Events.o
 .comment       0x00000000       0x7a C:/Freescale/CW MCU v10.5/MCU/ARM_GCC_Support/ewl/lib/armv7e-m\libc.a(exit.o)
 .comment       0x00000000       0x7a C:/Freescale/CW MCU v10.5/MCU/ARM_GCC_Support/ewl/lib/armv7e-m\libc.a(memset.o)
 .comment       0x00000000       0x7a C:/Freescale/CW MCU v10.5/MCU/ARM_GCC_Support/ewl/lib/armv7e-m\libc.a(printformat_.o)
 .comment       0x00000000       0x7a C:/Freescale/CW MCU v10.5/MCU/ARM_GCC_Support/ewl/lib/armv7e-m\libc.a(scanformat_.o)
 .comment       0x00000000       0x7a C:/Freescale/CW MCU v10.5/MCU/ARM_GCC_Support/ewl/lib/armv7e-m\libc.a(ctype_aeabi.o)
 .comment       0x00000000       0x7a C:/Freescale/CW MCU v10.5/MCU/ARM_GCC_Support/ewl/lib/armv7e-m\libc.a(__strtoul.o)
 .comment       0x00000000       0x7a C:/Freescale/CW MCU v10.5/MCU/ARM_GCC_Support/ewl/lib/armv7e-m\libc.a(__filll_mem.o)
 .comment       0x00000000       0x7a C:/Freescale/CW MCU v10.5/MCU/ARM_GCC_Support/ewl/lib/armv7e-m\libc.a(memchr.o)
 .comment       0x00000000       0x7a C:/Freescale/CW MCU v10.5/MCU/ARM_GCC_Support/ewl/lib/armv7e-m\libc.a(strchr.o)
 .comment       0x00000000       0x7a C:/Freescale/CW MCU v10.5/MCU/ARM_GCC_Support/ewl/lib/armv7e-m\libc.a(strlen.o)
 .comment       0x00000000       0x7a C:/Freescale/CW MCU v10.5/MCU/ARM_GCC_Support/ewl/lib/armv7e-m\librt.a(gcc_ctor_dtor.o)
 .comment       0x00000000       0x7a C:/Freescale/CW MCU v10.5/MCU/ARM_GCC_Support/ewl/lib/armv7e-m\librt.a(ROMCopy.o)
 .comment       0x00000000       0x7a C:/Freescale/CW MCU v10.5/MCU/ARM_GCC_Support/ewl/lib/armv7e-m\librt.a(__arm_eabi_init.o)

.debug_loc      0x00000000     0x2683
 .debug_loc     0x00000000      0x150 ./Generated_Code/TU1.o
 .debug_loc     0x00000150      0x118 ./Generated_Code/PwmLdd1.o
 .debug_loc     0x00000268       0x9c ./Generated_Code/PE_LDD.o
 .debug_loc     0x00000304       0xe8 ./Generated_Code/Cpu.o
 .debug_loc     0x000003ec      0x1f8 ./Generated_Code/AdcLdd1.o
 .debug_loc     0x000005e4      0x138 ./Generated_Code/AD2.o
 .debug_loc     0x0000071c       0x2c ./Project_Settings/Startup_Code/__arm_start.o
 .debug_loc     0x00000748       0x38 ./Project_Settings/Startup_Code/__arm_end.o
 .debug_loc     0x00000780       0x38 ./Sources/ProcessorExpert.o
 .debug_loc     0x000007b8       0x84 ./Sources/Events.o
 .debug_loc     0x0000083c       0x3e C:/Freescale/CW MCU v10.5/MCU/ARM_GCC_Support/ewl/lib/armv7e-m\libc.a(exit.o)
 .debug_loc     0x0000087a       0x64 C:/Freescale/CW MCU v10.5/MCU/ARM_GCC_Support/ewl/lib/armv7e-m\libc.a(memset.o)
 .debug_loc     0x000008de      0xbdc C:/Freescale/CW MCU v10.5/MCU/ARM_GCC_Support/ewl/lib/armv7e-m\libc.a(printformat_.o)
 .debug_loc     0x000014ba      0x8b6 C:/Freescale/CW MCU v10.5/MCU/ARM_GCC_Support/ewl/lib/armv7e-m\libc.a(scanformat_.o)
 .debug_loc     0x00001d70      0x18e C:/Freescale/CW MCU v10.5/MCU/ARM_GCC_Support/ewl/lib/armv7e-m\libc.a(ctype_aeabi.o)
 .debug_loc     0x00001efe      0x2bb C:/Freescale/CW MCU v10.5/MCU/ARM_GCC_Support/ewl/lib/armv7e-m\libc.a(__strtoul.o)
 .debug_loc     0x000021b9      0x12c C:/Freescale/CW MCU v10.5/MCU/ARM_GCC_Support/ewl/lib/armv7e-m\libc.a(__filll_mem.o)
 .debug_loc     0x000022e5       0x62 C:/Freescale/CW MCU v10.5/MCU/ARM_GCC_Support/ewl/lib/armv7e-m\libc.a(memchr.o)
 .debug_loc     0x00002347       0x7c C:/Freescale/CW MCU v10.5/MCU/ARM_GCC_Support/ewl/lib/armv7e-m\libc.a(strchr.o)
 .debug_loc     0x000023c3       0x26 C:/Freescale/CW MCU v10.5/MCU/ARM_GCC_Support/ewl/lib/armv7e-m\libc.a(strlen.o)
 .debug_loc     0x000023e9       0x9d C:/Freescale/CW MCU v10.5/MCU/ARM_GCC_Support/ewl/lib/armv7e-m\librt.a(gcc_ctor_dtor.o)
 .debug_loc     0x00002486       0xb9 C:/Freescale/CW MCU v10.5/MCU/ARM_GCC_Support/ewl/lib/armv7e-m\librt.a(ROMCopy.o)
 .debug_loc     0x0000253f      0x144 C:/Freescale/CW MCU v10.5/MCU/ARM_GCC_Support/ewl/lib/armv7e-m\librt.a(__arm_eabi_init.o)

.debug_frame    0x00000000      0x928
 .debug_frame   0x00000000       0xbc ./Generated_Code/TU1.o
 .debug_frame   0x000000bc       0xb0 ./Generated_Code/PwmLdd1.o
 .debug_frame   0x0000016c       0x64 ./Generated_Code/PE_LDD.o
 .debug_frame   0x000001d0       0xa4 ./Generated_Code/Cpu.o
 .debug_frame   0x00000274      0x114 ./Generated_Code/AdcLdd1.o
 .debug_frame   0x00000388       0xc4 ./Generated_Code/AD2.o
 .debug_frame   0x0000044c       0x4c ./Project_Settings/Startup_Code/__arm_start.o
 .debug_frame   0x00000498       0x2c ./Project_Settings/Startup_Code/__arm_end.o
 .debug_frame   0x000004c4       0x30 ./Sources/ProcessorExpert.o
 .debug_frame   0x000004f4       0x58 ./Sources/Events.o
 .debug_frame   0x0000054c       0x28 C:/Freescale/CW MCU v10.5/MCU/ARM_GCC_Support/ewl/lib/armv7e-m\libc.a(exit.o)
 .debug_frame   0x00000574       0x28 C:/Freescale/CW MCU v10.5/MCU/ARM_GCC_Support/ewl/lib/armv7e-m\libc.a(memset.o)
 .debug_frame   0x0000059c       0x64 C:/Freescale/CW MCU v10.5/MCU/ARM_GCC_Support/ewl/lib/armv7e-m\libc.a(printformat_.o)
 .debug_frame   0x00000600       0x3c C:/Freescale/CW MCU v10.5/MCU/ARM_GCC_Support/ewl/lib/armv7e-m\libc.a(scanformat_.o)
 .debug_frame   0x0000063c       0xf0 C:/Freescale/CW MCU v10.5/MCU/ARM_GCC_Support/ewl/lib/armv7e-m\libc.a(ctype_aeabi.o)
 .debug_frame   0x0000072c       0x3c C:/Freescale/CW MCU v10.5/MCU/ARM_GCC_Support/ewl/lib/armv7e-m\libc.a(__strtoul.o)
 .debug_frame   0x00000768       0x2c C:/Freescale/CW MCU v10.5/MCU/ARM_GCC_Support/ewl/lib/armv7e-m\libc.a(__filll_mem.o)
 .debug_frame   0x00000794       0x20 C:/Freescale/CW MCU v10.5/MCU/ARM_GCC_Support/ewl/lib/armv7e-m\libc.a(memchr.o)
 .debug_frame   0x000007b4       0x20 C:/Freescale/CW MCU v10.5/MCU/ARM_GCC_Support/ewl/lib/armv7e-m\libc.a(strchr.o)
 .debug_frame   0x000007d4       0x20 C:/Freescale/CW MCU v10.5/MCU/ARM_GCC_Support/ewl/lib/armv7e-m\libc.a(strlen.o)
 .debug_frame   0x000007f4       0x40 C:/Freescale/CW MCU v10.5/MCU/ARM_GCC_Support/ewl/lib/armv7e-m\librt.a(gcc_ctor_dtor.o)
 .debug_frame   0x00000834       0x48 C:/Freescale/CW MCU v10.5/MCU/ARM_GCC_Support/ewl/lib/armv7e-m\librt.a(ROMCopy.o)
 .debug_frame   0x0000087c       0xac C:/Freescale/CW MCU v10.5/MCU/ARM_GCC_Support/ewl/lib/armv7e-m\librt.a(__arm_eabi_init.o)
